current directory: /home/lovea/Code/git-repo/loveaj.github.io/vendor/bundle/ruby/4.0.0/gems/eventmachine-1.2.7/ext/fastfilereader
/usr/bin/ruby -I/usr/share/rubygems extconf.rb
creating Makefile

current directory: /home/lovea/Code/git-repo/loveaj.github.io/vendor/bundle/ruby/4.0.0/gems/eventmachine-1.2.7/ext/fastfilereader
make -j2 DESTDIR\= sitearchdir\=./.gem.20260806-2170691-e46fq7 sitelibdir\=./.gem.20260806-2170691-e46fq7 clean
make: warning: -j2 forced in submake: resetting jobserver mode.
rm -f 
rm -fr fastfilereaderext.so mapper.o rubymain.o *.bak mkmf.log .*.time

current directory: /home/lovea/Code/git-repo/loveaj.github.io/vendor/bundle/ruby/4.0.0/gems/eventmachine-1.2.7/ext/fastfilereader
make -j2 DESTDIR\= sitearchdir\=./.gem.20260806-2170691-e46fq7 sitelibdir\=./.gem.20260806-2170691-e46fq7
make: warning: -j2 forced in submake: resetting jobserver mode.
g++ -I. -I/usr/include -I/usr/include/ruby/backward -I/usr/include -I. -DBUILD_FOR_RUBY -DOS_UNIX    -fPIC -O2 -flto=auto -ffat-lto-objects -fexceptions -g -grecord-gcc-switches -pipe -Wall -Werror=format-security -Wp,-U_FORTIFY_SOURCE,-D_FORTIFY_SOURCE=3 -Wp,-D_GLIBCXX_ASSERTIONS -specs=/usr/lib/rpm/redhat/redhat-hardened-cc1 -fstack-protector-strong -specs=/usr/lib/rpm/redhat/redhat-annobin-cc1 -march=x86-64 -mtune=generic -fasynchronous-unwind-tables -fstack-clash-protection -fcf-protection -mtls-dialect=gnu2 -fno-omit-frame-pointer -mno-omit-leaf-frame-pointer   -m64 -o mapper.o -c mapper.cpp
g++ -I. -I/usr/include -I/usr/include/ruby/backward -I/usr/include -I. -DBUILD_FOR_RUBY -DOS_UNIX    -fPIC -O2 -flto=auto -ffat-lto-objects -fexceptions -g -grecord-gcc-switches -pipe -Wall -Werror=format-security -Wp,-U_FORTIFY_SOURCE,-D_FORTIFY_SOURCE=3 -Wp,-D_GLIBCXX_ASSERTIONS -specs=/usr/lib/rpm/redhat/redhat-hardened-cc1 -fstack-protector-strong -specs=/usr/lib/rpm/redhat/redhat-annobin-cc1 -march=x86-64 -mtune=generic -fasynchronous-unwind-tables -fstack-clash-protection -fcf-protection -mtls-dialect=gnu2 -fno-omit-frame-pointer -mno-omit-leaf-frame-pointer   -m64 -o rubymain.o -c rubymain.cpp
rm -f fastfilereaderext.so
g++ -shared -o fastfilereaderext.so mapper.o rubymain.o -L. -L/usr/lib64 -L. -Wl,-z,relro -Wl,--as-needed  -Wl,-z,pack-relative-relocs -Wl,-z,now -specs=/usr/lib/rpm/redhat/redhat-hardened-ld -specs=/usr/lib/rpm/redhat/redhat-hardened-ld-errors -specs=/usr/lib/rpm/redhat/redhat-annobin-cc1  -Wl,--build-id=sha1 -fstack-protector-strong -rdynamic -Wl,-export-dynamic -Wl,--no-as-needed -Wl,-z,relro -Wl,--as-needed  -Wl,-z,pack-relative-relocs -Wl,-z,now -specs=/usr/lib/rpm/redhat/redhat-hardened-ld -specs=/usr/lib/rpm/redhat/redhat-hardened-ld-errors -specs=/usr/lib/rpm/redhat/redhat-annobin-cc1  -Wl,--build-id=sha1     -m64  -lruby  -lm -lpthread  -lc
:

current directory: /home/lovea/Code/git-repo/loveaj.github.io/vendor/bundle/ruby/4.0.0/gems/eventmachine-1.2.7/ext/fastfilereader
make -j2 DESTDIR\= sitearchdir\=./.gem.20260806-2170691-e46fq7 sitelibdir\=./.gem.20260806-2170691-e46fq7 install
make: warning: -j2 forced in submake: resetting jobserver mode.
/usr/bin/mkdir -p . ./.gem.20260806-2170691-e46fq7
exit > .sitearchdir.time
/usr/bin/install -c -m 0755 fastfilereaderext.so ./.gem.20260806-2170691-e46fq7

current directory: /home/lovea/Code/git-repo/loveaj.github.io/vendor/bundle/ruby/4.0.0/gems/eventmachine-1.2.7/ext/fastfilereader
make DESTDIR\= sitearchdir\=./.gem.20260806-2170691-e46fq7 sitelibdir\=./.gem.20260806-2170691-e46fq7 clean
rm -f 
rm -fr fastfilereaderext.so mapper.o rubymain.o *.bak mkmf.log .*.time
