current directory: /home/lovea/Code/git-repo/loveaj.github.io/vendor/bundle/ruby/4.0.0/gems/http_parser.rb-0.6.0/ext/ruby_http_parser
/usr/bin/ruby -I/usr/share/rubygems extconf.rb
creating Makefile

current directory: /home/lovea/Code/git-repo/loveaj.github.io/vendor/bundle/ruby/4.0.0/gems/http_parser.rb-0.6.0/ext/ruby_http_parser
make -j3 DESTDIR\= sitearchdir\=./.gem.20260806-2170691-y3gh04 sitelibdir\=./.gem.20260806-2170691-y3gh04 clean
make: warning: -j3 forced in submake: resetting jobserver mode.
rm -f 
rm -fr ruby_http_parser.so ruby_http_parser.o ryah_http_parser.o *.bak mkmf.log .*.time

current directory: /home/lovea/Code/git-repo/loveaj.github.io/vendor/bundle/ruby/4.0.0/gems/http_parser.rb-0.6.0/ext/ruby_http_parser
make -j3 DESTDIR\= sitearchdir\=./.gem.20260806-2170691-y3gh04 sitelibdir\=./.gem.20260806-2170691-y3gh04
make: warning: -j3 forced in submake: resetting jobserver mode.
gcc -I. -I/usr/include -I/usr/include/ruby/backward -I/usr/include -I.   -fPIC -O2 -flto=auto -ffat-lto-objects -fexceptions -g -grecord-gcc-switches -pipe -Wall -Werror=format-security -Wp,-U_FORTIFY_SOURCE,-D_FORTIFY_SOURCE=3 -Wp,-D_GLIBCXX_ASSERTIONS -specs=/usr/lib/rpm/redhat/redhat-hardened-cc1 -fstack-protector-strong -specs=/usr/lib/rpm/redhat/redhat-annobin-cc1 -march=x86-64 -mtune=generic -fasynchronous-unwind-tables -fstack-clash-protection -fcf-protection -mtls-dialect=gnu2 -fno-omit-frame-pointer -mno-omit-leaf-frame-pointer -fPIC -I/home/lovea/Code/git-repo/loveaj.github.io/vendor/bundle/ruby/4.0.0/gems/http_parser.rb-0.6.0/ext/ruby_http_parser -m64 -o ruby_http_parser.o -c ruby_http_parser.c
gcc -I. -I/usr/include -I/usr/include/ruby/backward -I/usr/include -I.   -fPIC -O2 -flto=auto -ffat-lto-objects -fexceptions -g -grecord-gcc-switches -pipe -Wall -Werror=format-security -Wp,-U_FORTIFY_SOURCE,-D_FORTIFY_SOURCE=3 -Wp,-D_GLIBCXX_ASSERTIONS -specs=/usr/lib/rpm/redhat/redhat-hardened-cc1 -fstack-protector-strong -specs=/usr/lib/rpm/redhat/redhat-annobin-cc1 -march=x86-64 -mtune=generic -fasynchronous-unwind-tables -fstack-clash-protection -fcf-protection -mtls-dialect=gnu2 -fno-omit-frame-pointer -mno-omit-leaf-frame-pointer -fPIC -I/home/lovea/Code/git-repo/loveaj.github.io/vendor/bundle/ruby/4.0.0/gems/http_parser.rb-0.6.0/ext/ruby_http_parser -m64 -o ryah_http_parser.o -c ryah_http_parser.c
ruby_http_parser.c: In function ‘Parser_alloc_by_type’:
ruby_http_parser.c:273:3: warning: ‘rb_data_object_wrap_warning’ is deprecated: by TypedData [-Wdeprecated-declarations]
  273 |   return Data_Wrap_Struct(klass, ParserWrapper_mark, ParserWrapper_free, wrapper);
      |   ^~~~~~
In file included from /usr/include/ruby/internal/core.h:27,
                 from /usr/include/ruby/ruby.h:29,
                 from /usr/include/ruby.h:38,
                 from ruby_http_parser.c:1:
/usr/include/ruby/internal/core/rdata.h:296:1: note: declared here
  296 | rb_data_object_wrap_warning(VALUE klass, void *ptr, RUBY_DATA_FUNC mark, RUBY_DATA_FUNC free)
      | ^~~~~~~~~~~~~~~~~~~~~~~~~~~
ruby_http_parser.c: In function ‘Parser_initialize’:
ruby_http_parser.c:294:3: warning: ‘rb_data_object_get_warning’ is deprecated: by TypedData [-Wdeprecated-declarations]
  294 |   DATA_GET(self, ParserWrapper, wrapper);
      |   ^~~~~~~~
/usr/include/ruby/internal/core/rdata.h:328:1: note: declared here
  328 | rb_data_object_get_warning(VALUE obj)
      | ^~~~~~~~~~~~~~~~~~~~~~~~~~
ruby_http_parser.c: In function ‘Parser_execute’:
ruby_http_parser.c:317:3: warning: ‘rb_data_object_get_warning’ is deprecated: by TypedData [-Wdeprecated-declarations]
  317 |   DATA_GET(self, ParserWrapper, wrapper);
      |   ^~~~~~~~
/usr/include/ruby/internal/core/rdata.h:328:1: note: declared here
  328 | rb_data_object_get_warning(VALUE obj)
      | ^~~~~~~~~~~~~~~~~~~~~~~~~~
ruby_http_parser.c: In function ‘Parser_set_on_message_begin’:
ruby_http_parser.c:340:3: warning: ‘rb_data_object_get_warning’ is deprecated: by TypedData [-Wdeprecated-declarations]
  340 |   DATA_GET(self, ParserWrapper, wrapper);
      |   ^~~~~~~~
/usr/include/ruby/internal/core/rdata.h:328:1: note: declared here
  328 | rb_data_object_get_warning(VALUE obj)
      | ^~~~~~~~~~~~~~~~~~~~~~~~~~
ruby_http_parser.c: In function ‘Parser_set_on_headers_complete’:
ruby_http_parser.c:348:3: warning: ‘rb_data_object_get_warning’ is deprecated: by TypedData [-Wdeprecated-declarations]
  348 |   DATA_GET(self, ParserWrapper, wrapper);
      |   ^~~~~~~~
/usr/include/ruby/internal/core/rdata.h:328:1: note: declared here
  328 | rb_data_object_get_warning(VALUE obj)
      | ^~~~~~~~~~~~~~~~~~~~~~~~~~
ruby_http_parser.c: In function ‘Parser_set_on_body’:
ruby_http_parser.c:356:3: warning: ‘rb_data_object_get_warning’ is deprecated: by TypedData [-Wdeprecated-declarations]
  356 |   DATA_GET(self, ParserWrapper, wrapper);
      |   ^~~~~~~~
/usr/include/ruby/internal/core/rdata.h:328:1: note: declared here
  328 | rb_data_object_get_warning(VALUE obj)
      | ^~~~~~~~~~~~~~~~~~~~~~~~~~
ruby_http_parser.c: In function ‘Parser_set_on_message_complete’:
ruby_http_parser.c:364:3: warning: ‘rb_data_object_get_warning’ is deprecated: by TypedData [-Wdeprecated-declarations]
  364 |   DATA_GET(self, ParserWrapper, wrapper);
      |   ^~~~~~~~
/usr/include/ruby/internal/core/rdata.h:328:1: note: declared here
  328 | rb_data_object_get_warning(VALUE obj)
      | ^~~~~~~~~~~~~~~~~~~~~~~~~~
ruby_http_parser.c: In function ‘Parser_keep_alive_p’:
ruby_http_parser.c:372:3: warning: ‘rb_data_object_get_warning’ is deprecated: by TypedData [-Wdeprecated-declarations]
  372 |   DATA_GET(self, ParserWrapper, wrapper);
      |   ^~~~~~~~
/usr/include/ruby/internal/core/rdata.h:328:1: note: declared here
  328 | rb_data_object_get_warning(VALUE obj)
      | ^~~~~~~~~~~~~~~~~~~~~~~~~~
ruby_http_parser.c: In function ‘Parser_upgrade_p’:
ruby_http_parser.c:379:3: warning: ‘rb_data_object_get_warning’ is deprecated: by TypedData [-Wdeprecated-declarations]
  379 |   DATA_GET(self, ParserWrapper, wrapper);
      |   ^~~~~~~~
/usr/include/ruby/internal/core/rdata.h:328:1: note: declared here
  328 | rb_data_object_get_warning(VALUE obj)
      | ^~~~~~~~~~~~~~~~~~~~~~~~~~
ruby_http_parser.c: In function ‘Parser_http_version’:
ruby_http_parser.c:386:3: warning: ‘rb_data_object_get_warning’ is deprecated: by TypedData [-Wdeprecated-declarations]
  386 |   DATA_GET(self, ParserWrapper, wrapper);
      |   ^~~~~~~~
/usr/include/ruby/internal/core/rdata.h:328:1: note: declared here
  328 | rb_data_object_get_warning(VALUE obj)
      | ^~~~~~~~~~~~~~~~~~~~~~~~~~
ruby_http_parser.c: In function ‘Parser_http_major’:
ruby_http_parser.c:396:3: warning: ‘rb_data_object_get_warning’ is deprecated: by TypedData [-Wdeprecated-declarations]
  396 |   DATA_GET(self, ParserWrapper, wrapper);
      |   ^~~~~~~~
/usr/include/ruby/internal/core/rdata.h:328:1: note: declared here
  328 | rb_data_object_get_warning(VALUE obj)
      | ^~~~~~~~~~~~~~~~~~~~~~~~~~
ruby_http_parser.c: In function ‘Parser_http_minor’:
ruby_http_parser.c:406:3: warning: ‘rb_data_object_get_warning’ is deprecated: by TypedData [-Wdeprecated-declarations]
  406 |   DATA_GET(self, ParserWrapper, wrapper);
      |   ^~~~~~~~
/usr/include/ruby/internal/core/rdata.h:328:1: note: declared here
  328 | rb_data_object_get_warning(VALUE obj)
      | ^~~~~~~~~~~~~~~~~~~~~~~~~~
ruby_http_parser.c: In function ‘Parser_http_method’:
ruby_http_parser.c:416:3: warning: ‘rb_data_object_get_warning’ is deprecated: by TypedData [-Wdeprecated-declarations]
  416 |   DATA_GET(self, ParserWrapper, wrapper);
      |   ^~~~~~~~
/usr/include/ruby/internal/core/rdata.h:328:1: note: declared here
  328 | rb_data_object_get_warning(VALUE obj)
      | ^~~~~~~~~~~~~~~~~~~~~~~~~~
ruby_http_parser.c: In function ‘Parser_status_code’:
ruby_http_parser.c:426:3: warning: ‘rb_data_object_get_warning’ is deprecated: by TypedData [-Wdeprecated-declarations]
  426 |   DATA_GET(self, ParserWrapper, wrapper);
      |   ^~~~~~~~
/usr/include/ruby/internal/core/rdata.h:328:1: note: declared here
  328 | rb_data_object_get_warning(VALUE obj)
      | ^~~~~~~~~~~~~~~~~~~~~~~~~~
ruby_http_parser.c: In function ‘Parser_request_url’:
ruby_http_parser.c:441:1: warning: ‘rb_data_object_get_warning’ is deprecated: by TypedData [-Wdeprecated-declarations]
  441 | DEFINE_GETTER(request_url);
      | ^~~~~~~~~~~~~
/usr/include/ruby/internal/core/rdata.h:328:1: note: declared here
  328 | rb_data_object_get_warning(VALUE obj)
      | ^~~~~~~~~~~~~~~~~~~~~~~~~~
ruby_http_parser.c: In function ‘Parser_headers’:
ruby_http_parser.c:442:1: warning: ‘rb_data_object_get_warning’ is deprecated: by TypedData [-Wdeprecated-declarations]
  442 | DEFINE_GETTER(headers);
      | ^~~~~~~~~~~~~
/usr/include/ruby/internal/core/rdata.h:328:1: note: declared here
  328 | rb_data_object_get_warning(VALUE obj)
      | ^~~~~~~~~~~~~~~~~~~~~~~~~~
ruby_http_parser.c: In function ‘Parser_upgrade_data’:
ruby_http_parser.c:443:1: warning: ‘rb_data_object_get_warning’ is deprecated: by TypedData [-Wdeprecated-declarations]
  443 | DEFINE_GETTER(upgrade_data);
      | ^~~~~~~~~~~~~
/usr/include/ruby/internal/core/rdata.h:328:1: note: declared here
  328 | rb_data_object_get_warning(VALUE obj)
      | ^~~~~~~~~~~~~~~~~~~~~~~~~~
ruby_http_parser.c: In function ‘Parser_header_value_type’:
ruby_http_parser.c:444:1: warning: ‘rb_data_object_get_warning’ is deprecated: by TypedData [-Wdeprecated-declarations]
  444 | DEFINE_GETTER(header_value_type);
      | ^~~~~~~~~~~~~
/usr/include/ruby/internal/core/rdata.h:328:1: note: declared here
  328 | rb_data_object_get_warning(VALUE obj)
      | ^~~~~~~~~~~~~~~~~~~~~~~~~~
ruby_http_parser.c: In function ‘Parser_set_header_value_type’:
ruby_http_parser.c:452:3: warning: ‘rb_data_object_get_warning’ is deprecated: by TypedData [-Wdeprecated-declarations]
  452 |   DATA_GET(self, ParserWrapper, wrapper);
      |   ^~~~~~~~
/usr/include/ruby/internal/core/rdata.h:328:1: note: declared here
  328 | rb_data_object_get_warning(VALUE obj)
      | ^~~~~~~~~~~~~~~~~~~~~~~~~~
ruby_http_parser.c: In function ‘Parser_reset’:
ruby_http_parser.c:459:3: warning: ‘rb_data_object_get_warning’ is deprecated: by TypedData [-Wdeprecated-declarations]
  459 |   DATA_GET(self, ParserWrapper, wrapper);
      |   ^~~~~~~~
/usr/include/ruby/internal/core/rdata.h:328:1: note: declared here
  328 | rb_data_object_get_warning(VALUE obj)
      | ^~~~~~~~~~~~~~~~~~~~~~~~~~
rm -f ruby_http_parser.so
gcc -shared -o ruby_http_parser.so ruby_http_parser.o ryah_http_parser.o -L. -L/usr/lib64 -L. -Wl,-z,relro -Wl,--as-needed  -Wl,-z,pack-relative-relocs -Wl,-z,now -specs=/usr/lib/rpm/redhat/redhat-hardened-ld -specs=/usr/lib/rpm/redhat/redhat-hardened-ld-errors -specs=/usr/lib/rpm/redhat/redhat-annobin-cc1  -Wl,--build-id=sha1 -fstack-protector-strong -rdynamic -Wl,-export-dynamic -Wl,--no-as-needed -Wl,-z,relro -Wl,--as-needed  -Wl,-z,pack-relative-relocs -Wl,-z,now -specs=/usr/lib/rpm/redhat/redhat-hardened-ld -specs=/usr/lib/rpm/redhat/redhat-hardened-ld-errors -specs=/usr/lib/rpm/redhat/redhat-annobin-cc1  -Wl,--build-id=sha1     -m64  -lruby  -lm -lpthread  -lc
:

current directory: /home/lovea/Code/git-repo/loveaj.github.io/vendor/bundle/ruby/4.0.0/gems/http_parser.rb-0.6.0/ext/ruby_http_parser
make -j3 DESTDIR\= sitearchdir\=./.gem.20260806-2170691-y3gh04 sitelibdir\=./.gem.20260806-2170691-y3gh04 install
make: warning: -j3 forced in submake: resetting jobserver mode.
/usr/bin/mkdir -p . ./.gem.20260806-2170691-y3gh04
exit > .sitearchdir.time
/usr/bin/install -c -m 0755 ruby_http_parser.so ./.gem.20260806-2170691-y3gh04

current directory: /home/lovea/Code/git-repo/loveaj.github.io/vendor/bundle/ruby/4.0.0/gems/http_parser.rb-0.6.0/ext/ruby_http_parser
make DESTDIR\= sitearchdir\=./.gem.20260806-2170691-y3gh04 sitelibdir\=./.gem.20260806-2170691-y3gh04 clean
rm -f 
rm -fr ruby_http_parser.so ruby_http_parser.o ryah_http_parser.o *.bak mkmf.log .*.time
